.
├── DataStructures
│   ├── Common
│   │   ├── Node.c
│   │   └── Node.h
│   ├── Dictionary
│   │   ├── Dictionary.c
│   │   ├── Dictionary.h
│   │   ├── Entry.c
│   │   └── Entry.h
│   ├── Lists
│   │   ├── LinkedList.c
│   │   ├── LinkedList.h
│   │   ├── Queue.c
│   │   └── Queue.h
│   └── Trees
│       ├── BinarySearchTree.c
│       └── BinarySearchTree.h
├── Documentation
├── github_guide.md
├── LICENSE
├── test.http
└── webserver_project
    ├── cmock.yml
    ├── include
    │   ├── fifo_queue.h
    │   ├── http_handler.h
    │   ├── http_parser.h
    │   ├── http_types.h
    │   ├── network.h
    │   └── thread_pool.h
    ├── main.c
    ├── Makefile
    ├── public
    │   ├── about.html
    │   ├── dashboard
    │   │   └── index.html
    │   ├── default
    │   │   ├── index.html
    │   │   ├── script.js
    │   │   ├── style.css
    │   │   └── welcome.png
    │   ├── index.html
    │   ├── post_data.txt
    │   ├── style.css
    │   ├── www.anotherSite.dev
    │   │   ├── index.html
    │   │   └── style.css
    │   ├── www.dashboard.io
    │   │   ├── index.html
    │   │   ├── scripts.js
    │   │   └── style.css
    │   └── www.fakeHub.com
    │       ├── index.html
    │       └── style.css
    ├── src
    │   ├── handler
    │   │   ├── http_handler.c
    │   │   └── logger.c
    │   ├── network
    │   │   ├── fifo_queue.c
    │   │   ├── network.c
    │   │   └── thread_pool.c
    │   └── parser
    │       └── http_parser.c
    ├── tests
    │   ├── cmock
    │   │   ├── config
    │   │   │   ├── production_environment.rb
    │   │   │   └── test_environment.rb
    │   │   ├── lib
    │   │   │   ├── cmock_config.rb
    │   │   │   ├── cmock_file_writer.rb
    │   │   │   ├── cmock_generator_plugin_array.rb
    │   │   │   ├── cmock_generator_plugin_callback.rb
    │   │   │   ├── cmock_generator_plugin_cexception.rb
    │   │   │   ├── cmock_generator_plugin_expect_any_args.rb
    │   │   │   ├── cmock_generator_plugin_expect.rb
    │   │   │   ├── cmock_generator_plugin_ignore_arg.rb
    │   │   │   ├── cmock_generator_plugin_ignore.rb
    │   │   │   ├── cmock_generator_plugin_ignore_stateless.rb
    │   │   │   ├── cmock_generator_plugin_return_thru_ptr.rb
    │   │   │   ├── cmock_generator.rb
    │   │   │   ├── cmock_generator_utils.rb
    │   │   │   ├── cmock_header_parser.rb
    │   │   │   ├── cmock_plugin_manager.rb
    │   │   │   ├── cmock.rb
    │   │   │   ├── cmock_unityhelper_parser.rb
    │   │   │   └── cmock_version.rb
    │   │   ├── src
    │   │   │   ├── cmock.c
    │   │   │   ├── cmock.h
    │   │   │   ├── cmock_internals.h
    │   │   │   ├── cmock.o
    │   │   │   └── meson.build
    │   │   └── vendor
    │   │       ├── behaviors
    │   │       │   ├── lib
    │   │       │   │   ├── behaviors
    │   │       │   │   │   └── reporttask.rb
    │   │       │   │   └── behaviors.rb
    │   │       │   ├── Manifest.txt
    │   │       │   ├── Rakefile
    │   │       │   └── test
    │   │       │       ├── behaviors_tasks_test.rb
    │   │       │       ├── behaviors_test.rb
    │   │       │       └── tasks_test
    │   │       │           ├── lib
    │   │       │           │   └── user.rb
    │   │       │           ├── Rakefile
    │   │       │           └── test
    │   │       │               └── user_test.rb
    │   │       ├── c_exception
    │   │       │   ├── docs
    │   │       │   │   ├── CException.md
    │   │       │   │   ├── CODE_OF_CONDUCT.md
    │   │       │   │   ├── CONTRIBUTING.md
    │   │       │   │   └── ThrowTheSwitchCodingStandard.md
    │   │       │   ├── lib
    │   │       │   │   ├── CException.c
    │   │       │   │   ├── CException.h
    │   │       │   │   └── meson.build
    │   │       │   ├── license.txt
    │   │       │   ├── meson.build
    │   │       │   ├── project.yml
    │   │       │   ├── README.md
    │   │       │   └── test
    │   │       │       ├── support
    │   │       │       │   └── CExceptionConfig.h
    │   │       │       └── TestException.c
    │   │       └── unity
    │   │           ├── auto
    │   │           │   ├── colour_prompt.rb
    │   │           │   ├── colour_reporter.rb
    │   │           │   ├── extract_version.py
    │   │           │   ├── generate_config.yml
    │   │           │   ├── generate_module.rb
    │   │           │   ├── generate_test_runner.rb
    │   │           │   ├── __init__.py
    │   │           │   ├── parse_output.rb
    │   │           │   ├── run_test.erb
    │   │           │   ├── stylize_as_junit.py
    │   │           │   ├── stylize_as_junit.rb
    │   │           │   ├── test_file_filter.rb
    │   │           │   ├── type_sanitizer.rb
    │   │           │   ├── unity_test_summary.py
    │   │           │   ├── unity_test_summary.rb
    │   │           │   └── yaml_helper.rb
    │   │           ├── CMakeLists.txt
    │   │           ├── docs
    │   │           │   ├── CODE_OF_CONDUCT.md
    │   │           │   ├── CONTRIBUTING.md
    │   │           │   ├── MesonGeneratorRunner.md
    │   │           │   ├── ThrowTheSwitchCodingStandard.md
    │   │           │   ├── UnityAssertionsCheatSheetSuitableforPrintingandPossiblyFraming.pdf
    │   │           │   ├── UnityAssertionsReference.md
    │   │           │   ├── UnityChangeLog.md
    │   │           │   ├── UnityConfigurationGuide.md
    │   │           │   ├── UnityGettingStartedGuide.md
    │   │           │   ├── UnityHelperScriptsGuide.md
    │   │           │   └── UnityKnownIssues.md
    │   │           ├── examples
    │   │           │   ├── example_1
    │   │           │   │   ├── makefile
    │   │           │   │   ├── meson.build
    │   │           │   │   ├── readme.txt
    │   │           │   │   ├── src
    │   │           │   │   │   ├── ProductionCode2.c
    │   │           │   │   │   ├── ProductionCode2.h
    │   │           │   │   │   ├── ProductionCode.c
    │   │           │   │   │   └── ProductionCode.h
    │   │           │   │   ├── subprojects
    │   │           │   │   │   └── unity.wrap
    │   │           │   │   └── test
    │   │           │   │       ├── TestProductionCode2.c
    │   │           │   │       ├── TestProductionCode.c
    │   │           │   │       └── test_runners
    │   │           │   │           ├── TestProductionCode2_Runner.c
    │   │           │   │           └── TestProductionCode_Runner.c
    │   │           │   ├── example_2
    │   │           │   │   ├── makefile
    │   │           │   │   ├── readme.txt
    │   │           │   │   ├── src
    │   │           │   │   │   ├── ProductionCode2.c
    │   │           │   │   │   ├── ProductionCode2.h
    │   │           │   │   │   ├── ProductionCode.c
    │   │           │   │   │   └── ProductionCode.h
    │   │           │   │   └── test
    │   │           │   │       ├── TestProductionCode2.c
    │   │           │   │       ├── TestProductionCode.c
    │   │           │   │       └── test_runners
    │   │           │   │           ├── all_tests.c
    │   │           │   │           ├── TestProductionCode2_Runner.c
    │   │           │   │           └── TestProductionCode_Runner.c
    │   │           │   ├── example_3
    │   │           │   │   ├── helper
    │   │           │   │   │   ├── UnityHelper.c
    │   │           │   │   │   └── UnityHelper.h
    │   │           │   │   ├── rakefile_helper.rb
    │   │           │   │   ├── rakefile.rb
    │   │           │   │   ├── readme.txt
    │   │           │   │   ├── src
    │   │           │   │   │   ├── ProductionCode2.c
    │   │           │   │   │   ├── ProductionCode2.h
    │   │           │   │   │   ├── ProductionCode.c
    │   │           │   │   │   └── ProductionCode.h
    │   │           │   │   ├── target_gcc_32.yml
    │   │           │   │   └── test
    │   │           │   │       ├── TestProductionCode2.c
    │   │           │   │       └── TestProductionCode.c
    │   │           │   ├── example_4
    │   │           │   │   ├── meson.build
    │   │           │   │   ├── readme.txt
    │   │           │   │   ├── src
    │   │           │   │   │   ├── meson.build
    │   │           │   │   │   ├── ProductionCode2.c
    │   │           │   │   │   ├── ProductionCode2.h
    │   │           │   │   │   ├── ProductionCode.c
    │   │           │   │   │   └── ProductionCode.h
    │   │           │   │   ├── subprojects
    │   │           │   │   │   └── unity.wrap
    │   │           │   │   └── test
    │   │           │   │       ├── meson.build
    │   │           │   │       ├── TestProductionCode2.c
    │   │           │   │       ├── TestProductionCode.c
    │   │           │   │       └── test_runners
    │   │           │   │           ├── meson.build
    │   │           │   │           ├── TestProductionCode2_Runner.c
    │   │           │   │           └── TestProductionCode_Runner.c
    │   │           │   ├── example_5
    │   │           │   │   ├── makefile
    │   │           │   │   ├── readme.txt
    │   │           │   │   ├── src
    │   │           │   │   │   ├── ProductionCode.c
    │   │           │   │   │   └── ProductionCode.h
    │   │           │   │   ├── subprojects
    │   │           │   │   │   └── unity.wrap
    │   │           │   │   └── test
    │   │           │   │       ├── TestProductionCode.c
    │   │           │   │       ├── test_runners
    │   │           │   │       │   └── TestProductionCode_Runner.c
    │   │           │   │       └── unity_detail_config.h
    │   │           │   └── unity_config.h
    │   │           ├── extras
    │   │           │   ├── bdd
    │   │           │   │   ├── readme.md
    │   │           │   │   ├── src
    │   │           │   │   │   └── unity_bdd.h
    │   │           │   │   └── test
    │   │           │   │       ├── meson.build
    │   │           │   │       └── test_bdd.c
    │   │           │   ├── eclipse
    │   │           │   │   └── error_parsers.txt
    │   │           │   ├── fixture
    │   │           │   │   ├── readme.md
    │   │           │   │   ├── src
    │   │           │   │   │   ├── meson.build
    │   │           │   │   │   ├── unity_fixture.c
    │   │           │   │   │   ├── unity_fixture.h
    │   │           │   │   │   └── unity_fixture_internals.h
    │   │           │   │   └── test
    │   │           │   │       ├── main
    │   │           │   │       │   └── AllTests.c
    │   │           │   │       ├── Makefile
    │   │           │   │       ├── template_fixture_tests.c
    │   │           │   │       ├── unity_fixture_Test.c
    │   │           │   │       └── unity_fixture_TestRunner.c
    │   │           │   └── memory
    │   │           │       ├── readme.md
    │   │           │       ├── src
    │   │           │       │   ├── meson.build
    │   │           │       │   ├── unity_memory.c
    │   │           │       │   └── unity_memory.h
    │   │           │       └── test
    │   │           │           ├── Makefile
    │   │           │           ├── unity_memory_Test.c
    │   │           │           ├── unity_memory_TestRunner.c
    │   │           │           ├── unity_output_Spy.c
    │   │           │           └── unity_output_Spy.h
    │   │           ├── library.json
    │   │           ├── LICENSE.txt
    │   │           ├── meson.build
    │   │           ├── meson_options.txt
    │   │           ├── platformio-build.py
    │   │           ├── README.md
    │   │           ├── src
    │   │           │   ├── meson.build
    │   │           │   ├── unity.c
    │   │           │   ├── unity.h
    │   │           │   └── unity_internals.h
    │   │           ├── test
    │   │           │   ├── expectdata
    │   │           │   │   ├── testsample_cmd.c
    │   │           │   │   ├── testsample_def.c
    │   │           │   │   ├── testsample_head1.c
    │   │           │   │   ├── testsample_head1.h
    │   │           │   │   ├── testsample_mock_cmd.c
    │   │           │   │   ├── testsample_mock_def.c
    │   │           │   │   ├── testsample_mock_head1.c
    │   │           │   │   ├── testsample_mock_head1.h
    │   │           │   │   ├── testsample_mock_new1.c
    │   │           │   │   ├── testsample_mock_new2.c
    │   │           │   │   ├── testsample_mock_param.c
    │   │           │   │   ├── testsample_mock_run1.c
    │   │           │   │   ├── testsample_mock_run2.c
    │   │           │   │   ├── testsample_mock_yaml.c
    │   │           │   │   ├── testsample_new1.c
    │   │           │   │   ├── testsample_new2.c
    │   │           │   │   ├── testsample_param.c
    │   │           │   │   ├── testsample_run1.c
    │   │           │   │   ├── testsample_run2.c
    │   │           │   │   └── testsample_yaml.c
    │   │           │   ├── Makefile
    │   │           │   ├── rakefile
    │   │           │   ├── rakefile_helper.rb
    │   │           │   ├── spec
    │   │           │   │   └── generate_module_existing_file_spec.rb
    │   │           │   ├── targets
    │   │           │   │   ├── ansi.yml
    │   │           │   │   ├── clang_file.yml
    │   │           │   │   ├── clang_strict.yml
    │   │           │   │   ├── gcc_32.yml
    │   │           │   │   ├── gcc_64.yml
    │   │           │   │   ├── gcc_auto_limits.yml
    │   │           │   │   ├── gcc_auto_stdint.yml
    │   │           │   │   ├── gcc_manual_math.yml
    │   │           │   │   ├── hitech_picc18.yml
    │   │           │   │   ├── iar_armcortex_LM3S9B92_v5_4.yml
    │   │           │   │   ├── iar_arm_v4.yml
    │   │           │   │   ├── iar_arm_v5_3.yml
    │   │           │   │   ├── iar_arm_v5.yml
    │   │           │   │   ├── iar_cortexm3_v5.yml
    │   │           │   │   ├── iar_msp430.yml
    │   │           │   │   └── iar_sh2a_v6.yml
    │   │           │   ├── testdata
    │   │           │   │   ├── CException.h
    │   │           │   │   ├── cmock.h
    │   │           │   │   ├── Defs.h
    │   │           │   │   ├── mockMock.h
    │   │           │   │   ├── testRunnerGenerator.c
    │   │           │   │   ├── testRunnerGeneratorSmall.c
    │   │           │   │   └── testRunnerGeneratorWithMocks.c
    │   │           │   └── tests
    │   │           │       ├── self_assessment_utils.h
    │   │           │       ├── test_generate_test_runner.rb
    │   │           │       ├── test_unity_arrays.c
    │   │           │       ├── test_unity_core.c
    │   │           │       ├── test_unity_doubles.c
    │   │           │       ├── test_unity_floats.c
    │   │           │       ├── test_unity_integers_64.c
    │   │           │       ├── test_unity_integers.c
    │   │           │       ├── test_unity_memory.c
    │   │           │       ├── test_unity_parameterized.c
    │   │           │       ├── test_unity_parameterizedDemo.c
    │   │           │       ├── test_unity_strings.c
    │   │           │       └── types_for_test.h
    │   │           └── unityConfig.cmake
    │   ├── mocks
    │   │   ├── Mockfifo_queue.c
    │   │   ├── Mockfifo_queue.h
    │   │   ├── Mocknetwork.c
    │   │   └── Mocknetwork.h
    │   ├── test_handler.c
    │   ├── test_logger.c
    │   ├── test_main.c
    │   ├── test_network.c
    │   ├── test_parser.c
    │   ├── test_thread_pool.c
    │   └── unity
    │       ├── auto
    │       │   ├── colour_prompt.rb
    │       │   ├── colour_reporter.rb
    │       │   ├── extract_version.py
    │       │   ├── generate_config.yml
    │       │   ├── generate_module.rb
    │       │   ├── generate_test_runner.rb
    │       │   ├── __init__.py
    │       │   ├── parse_output.rb
    │       │   ├── run_test.erb
    │       │   ├── stylize_as_junit.py
    │       │   ├── stylize_as_junit.rb
    │       │   ├── test_file_filter.rb
    │       │   ├── type_sanitizer.rb
    │       │   ├── unity_test_summary.py
    │       │   ├── unity_test_summary.rb
    │       │   └── yaml_helper.rb
    │       ├── unity.c
    │       ├── unity.h
    │       ├── unity_internals.h
    │       └── unity.o
    ├── TestsRunners
    │   ├── build.log
    │   └── Makefile
    └── tree.log

87 directories, 307 files
